<?xml version="1.0" encoding="UTF-8"?>
<TestRun id="a77a8468-f247-465a-a983-082576c9a6ae" name="Good_Boy@DESKTOP-TKMNHTF 2019-03-12 20:54:24" runUser="DESKTOP-TKMNHTF\Good_Boy" xmlns="http://microsoft.com/schemas/VisualStudio/TeamTest/2010">
  <TestSettings name="Local" id="a5e52112-a395-4692-8525-c02b67b17e4a">
    <Description>These are default test settings for a local test run.</Description>
    <Deployment enabled="false" runDeploymentRoot="Good_Boy_DESKTOP-TKMNHTF 2019-03-12 20_54_24">
      <DeploymentItem filename="D:\Csharp\Zingmp3_winform\ZingMP3_buildproject\ZingMP3_buildproject\bin\Release\ZingMP3_buildproject.exe" />
      <DeploymentItem filename="D:\Csharp\Zingmp3_winform\ZingMP3_buildproject\ZingMP3_buildproject\obj\x86\Release\AxInterop.WMPLib.dll" />
      <DeploymentItem filename="E:\Nunit_Test\NUnitForms-v1.3.1-bin\bin\NUnitForms.dll" />
      <DeploymentItem filename="E:\Nunit_Test\Nunit_2.7.0\bin\framework\nunit.framework.dll" />
    </Deployment>
    <Execution>
      <TestTypeSpecific />
      <AgentRule name="Execution Agents">
      </AgentRule>
    </Execution>
  </TestSettings>
  <Times creation="2019-03-12T20:54:24.0688366+07:00" queuing="2019-03-12T20:54:24.1330427+07:00" start="2019-03-12T20:54:24.1467402+07:00" finish="2019-03-12T20:54:24.7356321+07:00" />
  <ResultSummary outcome="Inconclusive">
    <Counters total="1" executed="1" error="0" failed="0" timeout="0" aborted="0" inconclusive="1" passedButRunAborted="0" notRunnable="0" notExecuted="0" disconnected="0" warning="0" passed="0" completed="0" inProgress="0" pending="0" />
    <RunInfos>
      <RunInfo computerName="DESKTOP-TKMNHTF" outcome="Warning" timestamp="2019-03-12T20:54:24.1330427+07:00">
        <Text>Deployment is currently disabled. The deployment item 'ZingMP3_buildproject.exe' on test 'TestProject.LoginViewTest.DisposeTest' was not deployed.</Text>
      </RunInfo>
    </RunInfos>
  </ResultSummary>
  <TestDefinitions>
    <UnitTest name="DisposeTest" storage="d:\csharp\zingmp3_winform\zingmp3_buildproject\testproject\bin\release\testproject.dll" id="2920e12e-fd3d-ec6e-8b98-14b4d6d804bc">
      <DeploymentItems>
        <DeploymentItem filename="ZingMP3_buildproject.exe" />
      </DeploymentItems>
      <Execution id="f01b943a-c7f8-4381-b8d2-e2b2ca920862" />
      <TestMethod codeBase="D:/Csharp/Zingmp3_winform/ZingMP3_buildproject/TestProject/bin/Release/TestProject.DLL" adapterTypeName="Microsoft.VisualStudio.TestTools.TestTypes.Unit.UnitTestAdapter, Microsoft.VisualStudio.QualityTools.Tips.UnitTest.Adapter, Version=10.0.0.0, Culture=neutral, PublicKeyToken=b03f5f7f11d50a3a" className="TestProject.LoginViewTest, TestProject, Version=1.0.0.0, Culture=neutral, PublicKeyToken=null" name="DisposeTest" />
    </UnitTest>
  </TestDefinitions>
  <TestLists>
    <TestList name="Results Not in a List" id="8c84fa94-04c1-424b-9868-57a2d4851a1d" />
    <TestList name="All Loaded Results" id="19431567-8539-422a-85d7-44ee4e166bda" />
  </TestLists>
  <TestEntries>
    <TestEntry testId="2920e12e-fd3d-ec6e-8b98-14b4d6d804bc" executionId="f01b943a-c7f8-4381-b8d2-e2b2ca920862" testListId="8c84fa94-04c1-424b-9868-57a2d4851a1d" />
  </TestEntries>
  <Results>
    <UnitTestResult executionId="f01b943a-c7f8-4381-b8d2-e2b2ca920862" testId="2920e12e-fd3d-ec6e-8b98-14b4d6d804bc" testName="DisposeTest" computerName="DESKTOP-TKMNHTF" duration="00:00:00.2712024" startTime="2019-03-12T20:54:24.1618007+07:00" endTime="2019-03-12T20:54:24.6988138+07:00" testType="13cdc9d9-ddb5-4fa4-a97d-d965ccfc6d4b" outcome="Inconclusive" testListId="8c84fa94-04c1-424b-9868-57a2d4851a1d" relativeResultsDirectory="f01b943a-c7f8-4381-b8d2-e2b2ca920862">
      <Output>
        <ErrorInfo>
          <Message>Assert.Inconclusive failed. A method that does not return a value cannot be verified.</Message>
          <StackTrace>   at TestProject.LoginViewTest.DisposeTest() in D:\Csharp\Zingmp3_winform\ZingMP3_buildproject\TestProject\LoginViewTest.cs:line 197
</StackTrace>
        </ErrorInfo>
      </Output>
    </UnitTestResult>
  </Results>
</TestRun>